{}
{}
 COPY <Field 18>
  COPY <Value 4>
 COPY <Lit 19>
 COPY <Field 20>
  COPY <Ref 12>
 COPY <Field 21>
  COPY <Regular 13>
   COPY <Call 14>
    COPY <Rule 10>
     COPY <Alt 11>
      COPY <Create 24>
       COPY <Sequence 25>
        COPY <Field 27>
         COPY <Key 26>
        COPY <Lit 28>
        COPY <Field 30>
         COPY <Call 29>
          COPY <Rule 22>
           COPY <Alt 23>
            COPY <Create 35>
             COPY <Sequence 36>
              COPY <Field 37>
               COPY <Regular 33>
                COPY <Call 34>
                 COPY <Rule 31>
                  COPY <Alt 32>
                   COPY <Create 40>
                    COPY <Sequence 41>
                     COPY <Lit 42>
                     COPY <Field 43>
                      COPY <Value 4>
                     COPY <Lit 44>
                     COPY <Field 46>
                      COPY <Call 45>
                       COPY <Rule 38>
                        COPY <Alt 39>
                         COPY <Create 53>
                          COPY <Sequence 54>
                           COPY <Field 55>
                            COPY <Regular 51>
                             COPY <Call 52>
                              COPY <Rule 49>
                               COPY <Alt 50>
                                COPY <Create 58>
                                 COPY <Sequence 59>
                                  COPY <Field 60>
                                   COPY <Value 4>
                                  COPY <Lit 61>
                                  COPY <Field 63>
                                   COPY <Call 62>
                                    COPY <Rule 56>
                                     COPY <Alt 57>
                                      COPY <Create 66>
                                       COPY <Sequence 67>
                                        COPY <Field 69>
                                         COPY <Lit 68>
                                      COPY <Create 70>
                                       COPY <Sequence 71>
                                        COPY <Field 73>
                                         COPY <Lit 72>
                                      COPY <Create 74>
                                       COPY <Sequence 75>
                                        COPY <Field 77>
                                         COPY <Lit 76>
                                      COPY <Create 78>
                                       COPY <Sequence 79>
                                        COPY <Field 81>
                                         COPY <Lit 80>
                                      COPY <Create 82>
                                       COPY <Sequence 83>
                                        COPY <Field 85>
                                         COPY <Lit 84>
                                      COPY <Create 86>
                                       COPY <Sequence 87>
                                        COPY <Field 89>
                                         COPY <Lit 88>
                                      COPY <Create 90>
                                       COPY <Sequence 91>
                                        COPY <Lit 92>
                                        COPY <Field 93>
                                         COPY <Value 1>
                                      COPY <Create 94>
                                       COPY <Sequence 95>
                                        COPY <Lit 96>
                                      COPY <Create 97>
                                       COPY <Sequence 98>
                                        COPY <Field 99>
                                         COPY <Value 4>
                                        COPY <Lit 100>
                                      COPY <Create 102>
                                       COPY <Sequence 103>
                                        COPY <Field 104>
                                         COPY <Value 1>
                                        COPY <Code 101>
                                      COPY <Create 106>
                                       COPY <Sequence 107>
                                        COPY <Field 108>
                                         COPY <Value 5>
                                        COPY <Code 105>
                                      COPY <Create 110>
                                       COPY <Sequence 111>
                                        COPY <Field 112>
                                         COPY <Ref 109>
                                      COPY <Create 114>
                                       COPY <Sequence 115>
                                        COPY <Field 117>
                                         COPY <Call 116>
                                          COPY <Rule 56>
                                        COPY <Lit 118>
                                        COPY <Code 113>
                                      COPY <Create 120>
                                       COPY <Sequence 121>
                                        COPY <Field 123>
                                         COPY <Call 122>
                                          COPY <Rule 56>
                                        COPY <Lit 124>
                                        COPY <Code 119>
                                      COPY <Create 126>
                                       COPY <Sequence 127>
                                        COPY <Field 129>
                                         COPY <Call 128>
                                          COPY <Rule 56>
                                        COPY <Lit 130>
                                        COPY <Code 125>
                                      COPY <Create 132>
                                       COPY <Sequence 133>
                                        COPY <Lit 134>
                                        COPY <Field 136>
                                         COPY <Call 135>
                                          COPY <Rule 56>
                                        COPY <Field 137>
                                         COPY <Value 1>
                                        COPY <Lit 138>
                                        COPY <Lit 139>
                                        COPY <Code 131>
                                      COPY <Create 141>
                                       COPY <Sequence 142>
                                        COPY <Lit 143>
                                        COPY <Field 145>
                                         COPY <Call 144>
                                          COPY <Rule 56>
                                        COPY <Field 146>
                                         COPY <Value 1>
                                        COPY <Lit 147>
                                        COPY <Lit 148>
                                        COPY <Code 140>
                                      COPY <Sequence 149>
                                       COPY <Lit 150>
                                       COPY <Call 151>
                                        COPY <Rule 22>
                                       COPY <Lit 152>
                                COPY <Sequence 64>
                                 COPY <Call 65>
                                  COPY <Rule 56>
                   COPY <Sequence 47>
                    COPY <Call 48>
                     COPY <Rule 38>
