Schema
  name: GrammarSchema
  classes
    #0 Klass
      name: Grammar
      super: nil
      fields
        #0 Field
          name: name
          optional: false
          many: false
          key: false
          inverse: nil
        #1 Field
          name: start
          optional: false
          many: false
          key: false
          inverse: nil
        #2 Field
          name: rules
          optional: false
          many: true
          key: false
          inverse: grammar
    #1 Klass
      name: Rule
      super: nil
      fields
        #0 Field
          name: name
          optional: false
          many: false
          key: true
          inverse: nil
        #1 Field
          name: grammar
          optional: false
          many: false
          key: false
          inverse: rules
        #2 Field
          name: alts
          optional: false
          many: true
          key: false
          inverse: nil
    #2 Klass
      name: Sequence
      super: nil
      fields
        #0 Field
          name: elements
          optional: false
          many: true
          key: false
          inverse: nil
    #3 Klass
      name: Pattern
      super: nil
      fields
    #4 Klass
      name: Create
      super: Sequence
      fields
        #0 Field
          name: name
          optional: false
          many: false
          key: false
          inverse: nil
        #1 Field
          name: elements
          optional: false
          many: true
          key: false
          inverse: nil
    #5 Klass
      name: Field
      super: Pattern
      fields
        #0 Field
          name: name
          optional: false
          many: false
          key: false
          inverse: nil
        #1 Field
          name: arg
          optional: false
          many: false
          key: false
          inverse: nil
    #6 Klass
      name: Int
      super: Pattern
      fields
    #7 Klass
      name: Str
      super: Pattern
      fields
    #8 Klass
      name: Sqstr
      super: Pattern
      fields
    #9 Klass
      name: Real
      super: Pattern
      fields
    #10 Klass
      name: Bool
      super: Pattern
      fields
    #11 Klass
      name: Id
      super: Pattern
      fields
    #12 Klass
      name: Key
      super: Pattern
      fields
    #13 Klass
      name: Lit
      super: Pattern
      fields
        #0 Field
          name: value
          optional: false
          many: false
          key: false
          inverse: nil
    #14 Klass
      name: CiLit
      super: Pattern
      fields
        #0 Field
          name: value
          optional: false
          many: false
          key: false
          inverse: nil
    #15 Klass
      name: Ref
      super: Pattern
      fields
        #0 Field
          name: name
          optional: false
          many: false
          key: false
          inverse: nil
    #16 Klass
      name: Opt
      super: Pattern
      fields
        #0 Field
          name: arg
          optional: false
          many: false
          key: false
          inverse: nil
    #17 Klass
      name: Call
      super: Pattern
      fields
        #0 Field
          name: rule
          optional: false
          many: false
          key: false
          inverse: nil
    #18 Klass
      name: Iter
      super: Pattern
      fields
        #0 Field
          name: arg
          optional: false
          many: false
          key: false
          inverse: nil
    #19 Klass
      name: IterStar
      super: Pattern
      fields
        #0 Field
          name: arg
          optional: false
          many: false
          key: false
          inverse: nil
    #20 Klass
      name: IterSep
      super: Pattern
      fields
        #0 Field
          name: arg
          optional: false
          many: false
          key: false
          inverse: nil
        #1 Field
          name: sep
          optional: false
          many: false
          key: false
          inverse: nil
    #21 Klass
      name: IterStarSep
      super: Pattern
      fields
        #0 Field
          name: arg
          optional: false
          many: false
          key: false
          inverse: nil
        #1 Field
          name: sep
          optional: false
          many: false
          key: false
          inverse: nil
