Schema
  name: SchemaSchema
  classes
    #0 Klass
      name: Field
      super: nil
      fields
        #0 Field
          name: inverse
          optional: true
          many: false
          key: false
          inverse: inverse
        #1 Field
          name: owner
          optional: false
          many: false
          key: true
          inverse: fields
        #2 Field
          name: name
          optional: false
          many: false
          key: true
          inverse: nil
        #3 Field
          name: type
          optional: false
          many: false
          key: false
          inverse: nil
        #4 Field
          name: optional
          optional: false
          many: false
          key: false
          inverse: nil
        #5 Field
          name: many
          optional: false
          many: false
          key: false
          inverse: nil
        #6 Field
          name: key
          optional: false
          many: false
          key: false
          inverse: nil
        #7 Field
          name: inverse
          optional: true
          many: false
          key: false
          inverse: inverse
    #1 Klass
      name: Schema
      super: nil
      fields
        #0 Field
          name: primitives
          optional: true
          many: true
          key: false
          inverse: nil
        #1 Field
          name: name
          optional: false
          many: false
          key: false
          inverse: nil
        #2 Field
          name: classes
          optional: true
          many: true
          key: false
          inverse: schema
        #3 Field
          name: primitives
          optional: true
          many: true
          key: false
          inverse: nil
    #2 Klass
      name: Klass
      super: Type
      fields
        #0 Field
          name: fields
          optional: true
          many: true
          key: false
          inverse: owner
        #1 Field
          name: schema
          optional: false
          many: false
          key: false
          inverse: classes
        #2 Field
          name: name
          optional: false
          many: false
          key: true
          inverse: nil
        #3 Field
          name: super
          optional: true
          many: false
          key: false
          inverse: subtypes
        #4 Field
          name: subtypes
          optional: true
          many: true
          key: false
          inverse: super
        #5 Field
          name: fields
          optional: true
          many: true
          key: false
          inverse: owner
    #3 Klass
      name: Primitive
      super: Type
      fields
        #0 Field
          name: name
          optional: false
          many: false
          key: false
          inverse: nil
        #1 Field
          name: name
          optional: false
          many: false
          key: false
          inverse: nil
    #4 Klass
      name: Type
      super: nil
      fields
    #5 Klass
      name: Field
      super: nil
      fields
        #0 Field
          name: inverse
          optional: true
          many: false
          key: false
          inverse: inverse
        #1 Field
          name: owner
          optional: false
          many: false
          key: true
          inverse: fields
        #2 Field
          name: name
          optional: false
          many: false
          key: true
          inverse: nil
        #3 Field
          name: type
          optional: false
          many: false
          key: false
          inverse: nil
        #4 Field
          name: optional
          optional: false
          many: false
          key: false
          inverse: nil
        #5 Field
          name: many
          optional: false
          many: false
          key: false
          inverse: nil
        #6 Field
          name: key
          optional: false
          many: false
          key: false
          inverse: nil
        #7 Field
          name: inverse
          optional: true
          many: false
          key: false
          inverse: inverse
WOA: SchemaSchema
