Schema
  name: SchemaSchema
  classes
    #0 Klass
      name: Schema
      super: nil
      fields
        #0 Field
          name: name
          type: str
          optional: false
          many: false
          key: true
          inverse: nil
        #1 Field
          name: classes
          type: Klass
          optional: true
          many: true
          key: false
          inverse: schema
        #2 Field
          name: primitives
          type: Primitive
          optional: true
          many: true
          key: false
          inverse: nil
    #1 Klass
      name: Klass
      super: Type
      fields
        #0 Field
          name: name
          type: str
          optional: false
          many: false
          key: true
          inverse: nil
        #1 Field
          name: schema
          type: Schema
          optional: false
          many: false
          key: false
          inverse: classes
        #2 Field
          name: super
          optional: true
          many: false
          key: false
          inverse: subtypes
        #3 Field
          name: subtypes
          optional: true
          many: true
          key: false
          inverse: super
        #4 Field
          name: fields
          type: Field
          optional: true
          many: true
          key: false
          inverse: owner
    #2 Klass
      name: Primitive
      super: Type
      fields
        #0 Field
          name: name
          type: str
          optional: false
          many: false
          key: true
          inverse: nil
    #3 Klass
      name: Type
      super: nil
      fields
    #4 Klass
      name: Field
      super: nil
      fields
        #0 Field
          name: name
          type: str
          optional: false
          many: false
          key: true
          inverse: nil
        #1 Field
          name: owner
          type: Klass
          optional: false
          many: false
          key: true
          inverse: fields
        #2 Field
          name: type
          type: Type
          optional: false
          many: false
          key: false
          inverse: nil
        #3 Field
          name: optional
          type: bool
          optional: false
          many: false
          key: false
          inverse: nil
        #4 Field
          name: many
          type: bool
          optional: false
          many: false
          key: false
          inverse: nil
        #5 Field
          name: key
          type: bool
          optional: false
          many: false
          key: false
          inverse: nil
        #6 Field
          name: inverse
          optional: true
          many: false
          key: false
  primitives
    #0 str
    #1 int
    #2 bool
    #3 real
